// Jest Snapshot v1, https://goo.gl/fbAQLP

exports[`render editExpensePage 1`] = `
<div>
  <ExpenseForm
    expense={
      Object {
        "amount": 12300,
        "createdAt": -259200000,
        "description": "card",
        "id": "3",
        "note": "",
      }
    }
    onSubmit={[Function]}
  />
  <button
    onClick={[Function]}
  >
    Remove
  </button>
</div>
`;
