// Jest Snapshot v1, https://goo.gl/fbAQLP

exports[`render an expense 1`] = `
<div>
  <Link
    replace={false}
    to="/edit/3"
  >
    <h3>
      card
    </h3>
  </Link>
  <p>
    $123.00
     -- 
    December 28th 1969
  </p>
</div>
`;
